{
  "Data": {
    "myField": null
  },
  "Errors": null,
  "Extensions": null,
  "ContextData": null
}
