{
  "Kind": "SingleResult",
  "Label": null,
  "Path": null,
  "Data": {
    "myField": null
  },
  "Items": null,
  "Errors": null,
  "Extensions": null,
  "Incremental": null,
  "ContextData": null,
  "HasNext": null
}
