schema {
  query: ObjectType
}

type ObjectType {
  myField: [String] @translate(resourceKeyPrefix: "prefix", toCodeLabelItem: false)
}

directive @translate(resourceKeyPrefix: String! toCodeLabelItem: Boolean!) on FIELD_DEFINITION
