{
  "Kind": "SingleResult",
  "RequestIndex": null,
  "VariableIndex": null,
  "Label": null,
  "Path": null,
  "Data": {
    "myField": [
      {
        "key": "foo",
        "label": "rms:prefix/foo_French"
      },
      {
        "key": "bar",
        "label": "rms:prefix/bar_French"
      },
      {
        "key": "baz",
        "label": "rms:prefix/baz_French"
      }
    ]
  },
  "Items": null,
  "Errors": null,
  "Extensions": null,
  "Incremental": null,
  "ContextData": null,
  "HasNext": null,
  "IsDataSet": true
}
