{
  "Label": null,
  "Path": null,
  "Data": {
    "myField": "rms:prefix/foo_fr"
  },
  "Errors": null,
  "Extensions": null,
  "ContextData": null,
  "HasNext": null
}
