schema {
  query: Query
}

interface MyTranslationInterfaceType {
  label: String!
}

type Query {
  foo: String!
  bar: DummyEnum!
}

enum DummyEnum {
  QUX
}
